14500 16000 30000 34000 38000
24500 26000 40000 44000 48000
44500 46000 60000 64000 68000