24500 26000 40000 44000 53000
44500 46000 60000 64000 73000
84500 86000 100000 104000 113000