Statement for BigCo
  Hamlet: $254.00 (55 seats)
  As You Like It: $282.00 (35 seats)
  Othello: $103.00 (40 seats)
Amount owed is $640.00
You earned 47 credits
