Statement for BigCo
  Henry V: $1,047.40 (39 seats)
Amount owed is $1,047.40
You earned 9 credits
