Statement for BigCo
  Hamlet: $254.00 (55 seats)
  As You Like It: $282.67 (35 seats)
  Othello: $103.56 (40 seats)
  Henry V: $66.44 (20 seats)
  King John: $407.28 (39 seats)
  Henry V: $66.44 (20 seats)
Amount owed is $1,180.39
You earned 56 credits
