Statement for BigCo
  As You Like It: $547.00 (35 seats)
Amount owed is $547.00
You earned 12 credits
