Statement for BigCo
Amount owed is $0.00
You earned 0 credits
