10000 10000 10000 10000 15000
20000 20000 20000 20000 25000
40000 40000 40000 40000 45000